// Jest Snapshot v1, https://goo.gl/fbAQLP

exports[`Sidebar should render its default content 1`] = `
<div
  className="sidebar"
>
  <TitleTextArea />
  <div
    className="affiliations"
  >
    <Header
      actionsRenderer={[Function]}
      title="Affiliations"
    />
    <div
      className="lists"
    >
      <div
        className="list"
      >
        <AuthorListPanel />
      </div>
      <div
        className="list"
      >
        <InstitutionListPanel />
      </div>
    </div>
  </div>
  <Footer
    onSave={[Function]}
  />
</div>
`;
